START THE API
PS C:\Users\user\Desktop\Vibe\Reactivities> cd api
PS C:\Users\user\Desktop\Vibe\Reactivities\api> dotnet watch run

START THE FRONTEND
PS C:\Users\user\Desktop\Vibe\Reactivities> cd client-app
PS C:\Users\user\Desktop\Vibe\Reactivities\client-app> npm start

MOBX - same function as Redux
// we install mobex and at the same time mobx mobx-react-lite
user@DESKTOP-4QFH7NM MINGW64 ~/Desktop/Vibe/Reactivities/client-app (main)
$ npm install mobx mobx-react-lite

------------------------------------------------------------------------------------------------------------------------------------
#### MOBEX NOTES ####
------------------------------------------------------------------------------------------------------------------------------------
If something does not react ot state changes that might mean that the component that holds this code is not made an observer.

------------------------------------------------------------------------------------------------------------------------------------
#### DEBUGGER NOTES & VIDEO ####
------------------------------------------------------------------------------------------------------------------------------------
Go to debugger to the left click it and from the drop down select attach (this is the profile I need as the app is usuallu running) then click the green triangle to run it and select a link where it says API.exe somethin.
https://www.udemy.com/course/complete-guide-to-building-an-app-with-net-core-and-react/learn/lecture/24835756#overview

------------------------------------------------------------------------------------------------------------------------------------
#### CODE NOTES ####
------------------------------------------------------------------------------------------------------------------------------------
{/**We wrap onClick in arrow func to not get executed imidiately waits until we click the button before doing anything*/}
<Button onClick={() => selectActivity(activity.id)} floated="right"

 {/** anything to the right of && can execute as long as the left part is not null or undefined and they have to be wrapped in {} */}
{selectedActivity && !editMode &&
    <ActivityDetails
        activity={selectedActivity}
        cancelSelectActivity={cancelSelectActivity}
        openForm={openForm}
    />}

-----------
#### Passing Props to component ####
-----------
interface Props {
    activities: Activity[];
    deleteActivity: (id: string) => void;
    submitting: boolean;
}
//export default function ActivityDashboard(props: Props) - saying props is of type Props
export default function ActivityDashboard({ activities, submitting, deleteActivity }: Props){....}
-----------
#### Setting and declaring constants to use in a component ####
-----------
// setActivities sets activities [varToBeSet, funcToSetTheVariable] useState to keep it in the state
const [activities, setActivities] = useState<Activity[]>([]);
//useState<Activity | undefined>(undefined) means that the setSelected can accept Activity or undefined
const [selectedActivity, setSelectedActivity] = useState<Activity | undefined>(undefined);
// we are setting the submitting and sending it down the line to display the loading button
const [submitting, setSubmitting] = useState(false);

------------------------------------------------------------------------------------------------------------------------------------
#### LIBS NOTES ####
------------------------------------------------------------------------------------------------------------------------------------
axios           - for http requests
UUID            - for genrating guids = import { v4 as uuid } from "uuid";
MobX            - for storing state   = import { makeAutoObservable, runInAction } from "mobx";
React-Router    - for routing https://reactrouter.com/
                - install command (v6 contains breaking changes) - npm install react-router-dom@5.3.0      @types/react-router-dom@5.3.2
react-toastify  - toast linrary comes with typescript definition file: npm install react-toastify



------------------------------------------------------------------------------------------------------------------------------------
#### GIT ####
------------------------------------------------------------------------------------------------------------------------------------
https://github.com/TryCatchLearn/Reactivities/commits/main/client-app

Local resources - C:\Users\user\Desktop\Reactivities RESOURCES